// Jest Snapshot v1, https://goo.gl/fbAQLP

exports[`Budget Box Component should match snapshot for budget box component 1`] = `
<View
  style={
    {
      "display": "flex",
      "flexDirection": "row",
      "marginVertical": 8,
      "position": "relative",
    }
  }
>
  <View
    style={
      {
        "alignItems": "center",
        "display": "flex",
        "flexDirection": "row",
        "height": 50,
        "justifyContent": "space-between",
        "width": "85%",
      }
    }
  >
    <Text
      style={
        [
          {
            "fontSize": 18,
          },
          {
            "width": "65%",
          },
        ]
      }
    >
      description test
    </Text>
    <Text
      style={
        [
          {
            "fontSize": 18,
          },
          {
            "textAlign": "center",
            "width": "35%",
          },
        ]
      }
    >
      additionalInfo test
    </Text>
  </View>
  <View
    style={
      {
        "position": "absolute",
        "right": 0,
      }
    }
  >
    <RNSVGSvgView
      align="xMidYMid"
      bbHeight={50}
      bbWidth={50}
      fill="none"
      focusable={false}
      height={50}
      meetOrSlice={0}
      minX={0}
      minY={0}
      style={
        [
          {
            "backgroundColor": "transparent",
            "borderWidth": 0,
          },
          {},
          {
            "flex": 0,
            "height": 50,
            "width": 50,
          },
        ]
      }
      vbHeight={45}
      vbWidth={45}
      width={50}
      xmlns="http://www.w3.org/2000/svg"
    >
      <RNSVGGroup
        fill={null}
        propList={
          [
            "fill",
          ]
        }
      >
        <RNSVGPath
          d="M11.25 5.30719L13.4663 2.8125L33.75 22.5L13.4663 42.1875L11.25 39.6928L28.9631 22.5L11.25 5.30719Z"
          fill={
            {
              "payload": 4278190080,
              "type": 0,
            }
          }
          propList={
            [
              "fill",
            ]
          }
        />
      </RNSVGGroup>
    </RNSVGSvgView>
  </View>
</View>
`;
